Removed Pin From Net: NetName=NetC3_1 Pin=C3-1
Removed Pin From Net: NetName=GND Pin=C3-2
Removed Pin From Net: NetName=NetC3_1 Pin=C4-1
Removed Pin From Net: NetName=GND Pin=C4-2
Removed Pin From Net: NetName=GND Pin=C5-1
Removed Pin From Net: NetName=NRST Pin=C6-1
Removed Pin From Net: NetName=NetC3_1 Pin=C38-1
Removed Pin From Net: NetName=GND Pin=C38-2
Removed Pin From Net: NetName=NetC3_1 Pin=C39-1
Removed Pin From Net: NetName=GND Pin=C39-2
Removed Pin From Net: NetName=TXD Pin=R2-1
Removed Pin From Net: NetName=RXD Pin=R3-1
Removed Member From Class: ClassName=CH340G Member=C3
Removed Member From Class: ClassName=CH340G Member=C4
Removed Member From Class: ClassName=CH340G Member=C5
Removed Member From Class: ClassName=CH340G Member=C6
Removed Member From Class: ClassName=MAX485 Member=C38
Removed Member From Class: ClassName=MAX485 Member=C39
Removed Member From Class: ClassName=CH340G Member=R2
Removed Member From Class: ClassName=CH340G Member=R3
Added Component: Designator=?(LED_0805_GREEN)
Added Component: Designator=?(LED_0805_GREEN)
Added Component: Designator=C?(CAP 0805_2012)
Add component (AddParameter): Name = "Availability"; Value = "Unavailable"; VariantName = "[No Variations]"
Add component (AddParameter): Name = "MF"; Value = ""; VariantName = "[No Variations]"
Add component (AddParameter): Name = "MP"; Value = "LD051C182KAB2A"; VariantName = "[No Variations]"
Add component (AddParameter): Name = "Package"; Value = "None"; VariantName = "[No Variations]"
Add component (AddParameter): Name = "Price"; Value = "None"; VariantName = "[No Variations]"
Add component (AddParameter): Name = "Value"; Value = ""; VariantName = "[No Variations]"
Added Component: Designator=C?(CAP 0805_2012)
Add component (AddParameter): Name = "Availability"; Value = "Unavailable"; VariantName = "[No Variations]"
Add component (AddParameter): Name = "MF"; Value = ""; VariantName = "[No Variations]"
Add component (AddParameter): Name = "MP"; Value = "LD051C182KAB2A"; VariantName = "[No Variations]"
Add component (AddParameter): Name = "Package"; Value = "None"; VariantName = "[No Variations]"
Add component (AddParameter): Name = "Price"; Value = "None"; VariantName = "[No Variations]"
Add component (AddParameter): Name = "Value"; Value = ""; VariantName = "[No Variations]"
Added Component: Designator=C?(CAP 0805_2012)
Add component (AddParameter): Name = "VALUE"; Value = "100nF"; VariantName = "[No Variations]"
Added Component: Designator=C?(CAP 0805_2012)
Add component (AddParameter): Name = "VALUE"; Value = "100nF"; VariantName = "[No Variations]"
Added Component: Designator=C?(CAP 0805_2012)
Add component (AddParameter): Name = "VALUE"; Value = "100nF"; VariantName = "[No Variations]"
Added Component: Designator=C?(CAP 0805_2012)
Add component (AddParameter): Name = "VALUE"; Value = "100nF"; VariantName = "[No Variations]"
Added Component: Designator=C?(CAP 0805_2012)
Add component (AddParameter): Name = "VALUE"; Value = "100nF"; VariantName = "[No Variations]"
Added Component: Designator=R?(RES 0805_2012)
Add component (AddParameter): Name = "VALUE"; Value = "1K"; VariantName = "[No Variations]"
Added Component: Designator=R?(RES 0805_2012)
Add component (AddParameter): Name = "VALUE"; Value = "1K"; VariantName = "[No Variations]"
Added Component: Designator=R?(RES 0805_2012)
Add component (AddParameter): Name = "VALUE"; Value = "1K"; VariantName = "[No Variations]"
Added Pin To Net: NetName=TXD Pin=?-2
Added Pin To Net: NetName=GND Pin=C?-1
Added Pin To Net: NetName=GND Pin=C?-1
Added Pin To Net: NetName=GND Pin=C?-1
Added Pin To Net: NetName=GND Pin=C?-1
Added Pin To Net: NetName=GND Pin=C?-1
Added Pin To Net: NetName=GND Pin=C?-1
Added Pin To Net: NetName=NRST Pin=C?-1
Added Pin To Net: NetName=3v3 Pin=C?-2
Added Pin To Net: NetName=NetC3_1 Pin=C?-2
Added Pin To Net: NetName=NetC3_1 Pin=C?-2
Added Pin To Net: NetName=NetC3_1 Pin=C?-2
Added Pin To Net: NetName=NetC3_1 Pin=C?-2
Added Pin To Net: NetName=NetC3_1 Pin=C?-2
Added Pin To Net: NetName=NetC3_1 Pin=R?-1
Added Pin To Net: NetName=NetC3_1 Pin=R?-1
Added Pin To Net: NetName=RXD Pin=R?-2
Added Pin To Net: NetName=RXD Pin=U3-2
Added Pin To Net: NetName=TXD Pin=U3-3
Added Pin To Net: NetName=3v3 Pin=U3-4
Change Net Name : Old Net Name=NetC3_1 New Net Name=NetC9_2
Added Pin To Net: NetName=Net?_1 Pin=?-1
Added Pin To Net: NetName=Net?_1 Pin=R?-2
Added Net: Name=Net?_1
Added Pin To Net: NetName=Net?_2 Pin=?-2
Added Pin To Net: NetName=Net?_2 Pin=R?-1
Added Net: Name=Net?_2
Added Pin To Net: NetName=NetC?_2 Pin=C?-2
Added Pin To Net: NetName=NetC?_2 Pin=U3-13
Added Net: Name=NetC?_2
Added Member To Class: ClassName=CH340G Member=Component ? LED SMD 0805 GREEN
Added Member To Class: ClassName=CH340G Member=Component ? LED SMD 0805 GREEN
Added Member To Class: ClassName=CH340G Member=Component C? 100nF
Added Member To Class: ClassName=CH340G Member=Component C? 100nF
Added Member To Class: ClassName=CH340G Member=Component C? 10uF
Added Member To Class: ClassName=CH340G Member=Component C? 100nF
Added Member To Class: ClassName=CH340G Member=Component C? 100nF
Added Member To Class: ClassName=MAX485 Member=Component C? 100nF
Added Member To Class: ClassName=MAX485 Member=Component C? 10uF
Added Member To Class: ClassName=Micro Member=Component R1 10k
Added Member To Class: ClassName=Micro Member=Component R5 10k
Added Member To Class: ClassName=Micro Member=Component R12 10k
Added Member To Class: ClassName=CH340G Member=Component R? 1.5k
Added Member To Class: ClassName=CH340G Member=Component R? 1.5k
Added Member To Class: ClassName=CH340G Member=Component R? 1.5k
Added Room: Name=Micro
