Removed Member From Class: ClassName=MAX485 Member=C?
Change Component Designator: OldDesignator=? NewDesignator=1
Change Component Designator: OldDesignator=? NewDesignator=2
Change Component Designator: OldDesignator=C? NewDesignator=C3
Change Component Designator: OldDesignator=C? NewDesignator=C4
Change Component Designator: OldDesignator=C? NewDesignator=C5
Change Component Designator: OldDesignator=C? NewDesignator=C6
Change Component Designator: OldDesignator=C? NewDesignator=C18
Change Component Designator: OldDesignator=C? NewDesignator=C19
Change Component Designator: OldDesignator=C? NewDesignator=C20
Change Component Designator: OldDesignator=R? NewDesignator=R2
Change Component Designator: OldDesignator=R? NewDesignator=R3
Change Component Designator: OldDesignator=R? NewDesignator=R13
Change Net Name : Old Net Name=Net?_1 New Net Name=Net2_1
Change Net Name : Old Net Name=Net?_2 New Net Name=Net2_2
Change Net Name : Old Net Name=NetC9_2 New Net Name=NetC3_2
Change Net Name : Old Net Name=NetC?_2 New Net Name=NetC20_2
Added Pin To Net: NetName=Net1_1 Pin=1-1
Added Pin To Net: NetName=Net1_1 Pin=R2-2
Added Net: Name=Net1_1
Added Member To Class: ClassName=CH340G Member=Component 2 LED SMD 0805 GREEN
Added Member To Class: ClassName=MAX485 Member=Component C3 10uF
Added Member To Class: ClassName=MAX485 Member=Component C4 100nF
Added Member To Class: ClassName=CH340G Member=Component C6 10uF
Added Member To Class: ClassName=CH340G Member=Component C18 100nF
Added Member To Class: ClassName=CH340G Member=Component C19 100nF
Added Member To Class: ClassName=CH340G Member=Component C20 100nF
Added Member To Class: ClassName=CH340G Member=Component R2 1.5k
Added Member To Class: ClassName=CH340G Member=Component R3 1.5k
Added Room: Name=Micro
